// Jest Snapshot v1, https://goo.gl/fbAQLP

exports[`<GridImage /> should render with background 1`] = `
<div>
  <div
    class="styles__Container-d23vz7-0 bMuKEd"
    id=""
  >
    <div
      class="styles__Container-sc-1abwwhx-0 kXNRnk"
    >
      <div
        class="styles__Container-sc-1my6t8d-0 gpxrmV"
      >
        <h2
          class="styles__Title-sc-1b7ft9h-0 cjtgIq"
        >
          My grid
        </h2>
        <div
          class="styles__Container-sc-1ba2h2-0 cPpcCF"
        >
          Atque doloribus nobis laudantium esse ut, non commodi maxime distinctio veritatis unde
        </div>
        <div
          class="styles__Grid-sc-1my6t8d-1 cSUsYE"
        >
          <div
            class="styles__GridElement-sc-1my6t8d-2 cetGJw"
          >
            <img
              alt="Teste 1"
              class="styles__Image-sc-1my6t8d-3 kowIXH"
              src="https://source.unsplash.com/random/800x800?r=1"
            />
          </div>
          <div
            class="styles__GridElement-sc-1my6t8d-2 cetGJw"
          >
            <img
              alt="Teste 2"
              class="styles__Image-sc-1my6t8d-3 kowIXH"
              src="https://source.unsplash.com/random/800x800?r=2"
            />
          </div>
          <div
            class="styles__GridElement-sc-1my6t8d-2 cetGJw"
          >
            <img
              alt="Teste 3"
              class="styles__Image-sc-1my6t8d-3 kowIXH"
              src="https://source.unsplash.com/random/800x800?r=3"
            />
          </div>
          <div
            class="styles__GridElement-sc-1my6t8d-2 cetGJw"
          >
            <img
              alt="Teste 4"
              class="styles__Image-sc-1my6t8d-3 kowIXH"
              src="https://source.unsplash.com/random/800x800?r=4"
            />
          </div>
          <div
            class="styles__GridElement-sc-1my6t8d-2 cetGJw"
          >
            <img
              alt="Teste 5"
              class="styles__Image-sc-1my6t8d-3 kowIXH"
              src="https://source.unsplash.com/random/800x800?r=5"
            />
          </div>
          <div
            class="styles__GridElement-sc-1my6t8d-2 cetGJw"
          >
            <img
              alt="Teste 6"
              class="styles__Image-sc-1my6t8d-3 kowIXH"
              src="https://source.unsplash.com/random/800x800?r=6"
            />
          </div>
        </div>
      </div>
    </div>
  </div>
</div>
`;

exports[`<GridImage /> should render without background 1`] = `
<div>
  <div
    class="styles__Container-d23vz7-0 bMuKEd"
    id=""
  >
    <div
      class="styles__Container-sc-1abwwhx-0 kXNRnk"
    >
      <div
        class="styles__Container-sc-1my6t8d-0 gpxrmV"
      >
        <h2
          class="styles__Title-sc-1b7ft9h-0 cjtgIq"
        >
          My grid
        </h2>
        <div
          class="styles__Container-sc-1ba2h2-0 cPpcCF"
        >
          Atque doloribus nobis laudantium esse ut, non commodi maxime distinctio veritatis unde
        </div>
        <div
          class="styles__Grid-sc-1my6t8d-1 cSUsYE"
        >
          <div
            class="styles__GridElement-sc-1my6t8d-2 cetGJw"
          >
            <img
              alt="Teste 1"
              class="styles__Image-sc-1my6t8d-3 kowIXH"
              src="https://source.unsplash.com/random/800x800?r=1"
            />
          </div>
          <div
            class="styles__GridElement-sc-1my6t8d-2 cetGJw"
          >
            <img
              alt="Teste 2"
              class="styles__Image-sc-1my6t8d-3 kowIXH"
              src="https://source.unsplash.com/random/800x800?r=2"
            />
          </div>
          <div
            class="styles__GridElement-sc-1my6t8d-2 cetGJw"
          >
            <img
              alt="Teste 3"
              class="styles__Image-sc-1my6t8d-3 kowIXH"
              src="https://source.unsplash.com/random/800x800?r=3"
            />
          </div>
          <div
            class="styles__GridElement-sc-1my6t8d-2 cetGJw"
          >
            <img
              alt="Teste 4"
              class="styles__Image-sc-1my6t8d-3 kowIXH"
              src="https://source.unsplash.com/random/800x800?r=4"
            />
          </div>
          <div
            class="styles__GridElement-sc-1my6t8d-2 cetGJw"
          >
            <img
              alt="Teste 5"
              class="styles__Image-sc-1my6t8d-3 kowIXH"
              src="https://source.unsplash.com/random/800x800?r=5"
            />
          </div>
          <div
            class="styles__GridElement-sc-1my6t8d-2 cetGJw"
          >
            <img
              alt="Teste 6"
              class="styles__Image-sc-1my6t8d-3 kowIXH"
              src="https://source.unsplash.com/random/800x800?r=6"
            />
          </div>
        </div>
      </div>
    </div>
  </div>
</div>
`;
